=========================================================================
======                     MicroDrop version 1.01                   =====
=========================================================================
Started at: Sat Mar  7 12:26:10 2026

Parameter values used in execution:

DATA_FILE	./input/temp1_8.microdrop.txt	 # Data file name (-d)
INDS	23	 # Number of individuals (-i)
LOCI	49	 # Number of loci (-l)
NON_DATA_ROWS	1	 # Number of non-data rows (-u)
NON_DATA_COLS	2	 # Number of non-data columns (-v)
OUT_FOLDER	temp1_8_results	 # Output folder name (-o)
TOLERANCE	0.001	 # Tolerance for assessing the convergence (-s)
MAX_ITER	10000	 # Maximum number of EM iterations (-t)
MAX_ALLELES	100	 # Maximum number of distinct alleles (-k)
N_PERMU	100	 # Number of permutations (-x)
N_REPS	3	 # Number of EM replications (-r)
N_IMPT	4	 # Number of imputed datasets (-m)
ASMPT	0	 # Population genetic assumption (-a)
FCTR	0	 # Dropout factor assumption (-f)

Step 1: checking correlation bewteen missing data and homozygotes

Pearson correlation across individuals:
	 R=-0.113381	 P-value=0.74
Pearson correlation across loci:
	 R=0.0158793	 P-value=0.39

Step 2: estimating parameters using EM algorithm

EM	t	rho(t-1)	rho(t)  	logL(t-1)	logL(t)
rep-1	52	0.000037	0.000032	-967.1953	-967.1943
rep-2	54	0.000024	0.000020	-967.1974	-967.1965
rep-3	52	0.000016	0.000014	-967.1974	-967.1965

Results from rep-1 have been picked as MLEs.
MLEs have been output to files in folder 'temp1_8_results'.

Step 3: generating imputed datasets based on MLEs from step 2

4 imputed datasets have been output to folder 'temp1_8_results/Imputed_Data'.

Finished at: Sat Mar  7 12:26:11 2026
=========================================================================
