=========================================================================
======                     MicroDrop version 1.01                   =====
=========================================================================
Started at: Tue Feb 24 07:42:53 2026

Parameter values used in execution:

DATA_FILE	./input/temp3_7.microdrop.txt	 # Data file name (-d)
INDS	21	 # Number of individuals (-i)
LOCI	49	 # Number of loci (-l)
NON_DATA_ROWS	1	 # Number of non-data rows (-u)
NON_DATA_COLS	2	 # Number of non-data columns (-v)
OUT_FOLDER	temp3_7_results	 # Output folder name (-o)
TOLERANCE	0.001	 # Tolerance for assessing the convergence (-s)
MAX_ITER	10000	 # Maximum number of EM iterations (-t)
MAX_ALLELES	100	 # Maximum number of distinct alleles (-k)
N_PERMU	100	 # Number of permutations (-x)
N_REPS	3	 # Number of EM replications (-r)
N_IMPT	4	 # Number of imputed datasets (-m)
ASMPT	0	 # Population genetic assumption (-a)
FCTR	0	 # Dropout factor assumption (-f)

Step 1: checking correlation bewteen missing data and homozygotes

Pearson correlation across individuals:
	 R=0.372362	 P-value=0.02
Pearson correlation across loci:
	 R=-0.198317	 P-value=0.92

Step 2: estimating parameters using EM algorithm

EM	t	rho(t-1)	rho(t)  	logL(t-1)	logL(t)
rep-1	50	0.000040	0.000034	-872.4634	-872.4625
rep-2	49	0.000037	0.000031	-872.4641	-872.4631
rep-3	51	0.000033	0.000029	-872.4666	-872.4656

Results from rep-1 have been picked as MLEs.
MLEs have been output to files in folder 'temp3_7_results'.

Step 3: generating imputed datasets based on MLEs from step 2

4 imputed datasets have been output to folder 'temp3_7_results/Imputed_Data'.

Finished at: Tue Feb 24 07:42:53 2026
=========================================================================
