=========================================================================
======                     MicroDrop version 1.01                   =====
=========================================================================
Started at: Tue Feb 24 07:42:50 2026

Parameter values used in execution:

DATA_FILE	./input/temp2_2.microdrop.txt	 # Data file name (-d)
INDS	19	 # Number of individuals (-i)
LOCI	49	 # Number of loci (-l)
NON_DATA_ROWS	1	 # Number of non-data rows (-u)
NON_DATA_COLS	2	 # Number of non-data columns (-v)
OUT_FOLDER	temp2_2_results	 # Output folder name (-o)
TOLERANCE	0.001	 # Tolerance for assessing the convergence (-s)
MAX_ITER	10000	 # Maximum number of EM iterations (-t)
MAX_ALLELES	100	 # Maximum number of distinct alleles (-k)
N_PERMU	100	 # Number of permutations (-x)
N_REPS	3	 # Number of EM replications (-r)
N_IMPT	4	 # Number of imputed datasets (-m)
ASMPT	0	 # Population genetic assumption (-a)
FCTR	0	 # Dropout factor assumption (-f)

Step 1: checking correlation bewteen missing data and homozygotes

Pearson correlation across individuals:
	 R=-nan	 P-value<0.01
Pearson correlation across loci:
	 R=-nan	 P-value<0.01

Step 2: estimating parameters using EM algorithm

EM	t	rho(t-1)	rho(t)  	logL(t-1)	logL(t)
rep-1	56	0.000004	0.000003	-625.6284	-625.6275
rep-2	50	0.000007	0.000005	-625.6316	-625.6306
rep-3	53	0.000001	0.000001	-625.6315	-625.6305

Results from rep-1 have been picked as MLEs.
MLEs have been output to files in folder 'temp2_2_results'.

Step 3: generating imputed datasets based on MLEs from step 2

4 imputed datasets have been output to folder 'temp2_2_results/Imputed_Data'.

Finished at: Tue Feb 24 07:42:50 2026
=========================================================================
