=========================================================================
======                     MicroDrop version 1.01                   =====
=========================================================================
Started at: Tue Feb 24 07:42:49 2026

Parameter values used in execution:

DATA_FILE	./input/temp1_5.microdrop.txt	 # Data file name (-d)
INDS	23	 # Number of individuals (-i)
LOCI	49	 # Number of loci (-l)
NON_DATA_ROWS	1	 # Number of non-data rows (-u)
NON_DATA_COLS	2	 # Number of non-data columns (-v)
OUT_FOLDER	temp1_5_results	 # Output folder name (-o)
TOLERANCE	0.001	 # Tolerance for assessing the convergence (-s)
MAX_ITER	10000	 # Maximum number of EM iterations (-t)
MAX_ALLELES	100	 # Maximum number of distinct alleles (-k)
N_PERMU	100	 # Number of permutations (-x)
N_REPS	3	 # Number of EM replications (-r)
N_IMPT	4	 # Number of imputed datasets (-m)
ASMPT	0	 # Population genetic assumption (-a)
FCTR	0	 # Dropout factor assumption (-f)

Step 1: checking correlation bewteen missing data and homozygotes

Pearson correlation across individuals:
	 R=-0.113381	 P-value=0.73
Pearson correlation across loci:
	 R=0.0158793	 P-value=0.38

Step 2: estimating parameters using EM algorithm

EM	t	rho(t-1)	rho(t)  	logL(t-1)	logL(t)
rep-1	56	0.000029	0.000025	-967.1963	-967.1953
rep-2	55	0.000025	0.000022	-967.1964	-967.1955
rep-3	54	0.000024	0.000020	-967.1968	-967.1959

Results from rep-1 have been picked as MLEs.
MLEs have been output to files in folder 'temp1_5_results'.

Step 3: generating imputed datasets based on MLEs from step 2

4 imputed datasets have been output to folder 'temp1_5_results/Imputed_Data'.

Finished at: Tue Feb 24 07:42:49 2026
=========================================================================
